// Vitest Snapshot v1, https://vitest.dev/guide/snapshot.html

exports[`Tests for the Detailed Card component > Clicking the close button hides the component. 1`] = `
<div
  class="_container_babb22"
  data-testid="details"
>
  <div
    class="_item_babb22"
  >
    <img
      alt="iPhone 9"
      class="_img_babb22"
      data-nimg="1"
      decoding="async"
      fetchpriority="high"
      height="300"
      src="/_next/image?url=https%3A%2F%2Fi.dummyjson.com%2Fdata%2Fproducts%2F1%2F3.jpg&w=828&q=75"
      srcset="/_next/image?url=https%3A%2F%2Fi.dummyjson.com%2Fdata%2Fproducts%2F1%2F3.jpg&w=640&q=75 1x, /_next/image?url=https%3A%2F%2Fi.dummyjson.com%2Fdata%2Fproducts%2F1%2F3.jpg&w=828&q=75 2x"
      style="color: transparent;"
      width="390"
    />
    <h2
      data-testid="details-title"
    >
      iPhone 9
    </h2>
    <ul>
      <li>
        Brand: 
        Apple
      </li>
      <li>
        Category: 
        smartphones
      </li>
      <li>
        Price: 
        549
        $
      </li>
    </ul>
    <p>
      An apple mobile which is nothing like apple
    </p>
  </div>
  <a
    class="details-cancel"
    data-testid="details-cancel"
    href="/?limit=5&page=1&search="
  >
    Cancel
  </a>
</div>
`;
